1776599608.830551 client started (93190): version 3.4, socket /tmp/tmux-1000/default, protocol 8
1776599608.830721 on Linux 6.17.0-20-generic #20~24.04.1-Ubuntu SMP PREEMPT_DYNAMIC Thu Mar 19 01:28:37 UTC 2
1776599608.830746 using libevent 2.1.12-stable poll
1776599608.830766 using ncurses 6.4 20240113
1776599608.830823 flags are 0x10010000
1776599608.830860 socket is /tmp/tmux-1000/default
1776599608.830901 trying connect
1776599608.831142 add peer 0x5899e059d670: 6 ((nil))
1776599608.832221 sending message 100 to peer 0x5899e059d670 (4 bytes)
1776599608.832263 sending message 111 to peer 0x5899e059d670 (8 bytes)
1776599608.832285 sending message 101 to peer 0x5899e059d670 (14 bytes)
1776599608.832301 sending message 109 to peer 0x5899e059d670 (4 bytes)
1776599608.832328 sending message 102 to peer 0x5899e059d670 (11 bytes)
1776599608.832344 sending message 108 to peer 0x5899e059d670 (33 bytes)
1776599608.832360 sending message 112 to peer 0x5899e059d670 (70 bytes)
1776599608.832376 sending message 112 to peer 0x5899e059d670 (5 bytes)
1776599608.832390 sending message 112 to peer 0x5899e059d670 (5 bytes)
1776599608.832405 sending message 112 to peer 0x5899e059d670 (6 bytes)
1776599608.832420 sending message 112 to peer 0x5899e059d670 (6 bytes)
1776599608.832434 sending message 112 to peer 0x5899e059d670 (11 bytes)
1776599608.832455 sending message 112 to peer 0x5899e059d670 (10 bytes)
1776599608.832470 sending message 112 to peer 0x5899e059d670 (13 bytes)
1776599608.832484 sending message 112 to peer 0x5899e059d670 (13 bytes)
1776599608.832499 sending message 112 to peer 0x5899e059d670 (18 bytes)
1776599608.832514 sending message 112 to peer 0x5899e059d670 (11 bytes)
1776599608.832527 sending message 112 to peer 0x5899e059d670 (10 bytes)
1776599608.832542 sending message 112 to peer 0x5899e059d670 (15 bytes)
1776599608.832560 sending message 112 to peer 0x5899e059d670 (21 bytes)
1776599608.832575 sending message 112 to peer 0x5899e059d670 (13 bytes)
1776599608.832590 sending message 112 to peer 0x5899e059d670 (7 bytes)
1776599608.832604 sending message 112 to peer 0x5899e059d670 (13 bytes)
1776599608.832635 sending message 112 to peer 0x5899e059d670 (7 bytes)
1776599608.832650 sending message 112 to peer 0x5899e059d670 (13 bytes)
1776599608.832665 sending message 112 to peer 0x5899e059d670 (9 bytes)
1776599608.832680 sending message 112 to peer 0x5899e059d670 (21 bytes)
1776599608.832698 sending message 112 to peer 0x5899e059d670 (13 bytes)
1776599608.832712 sending message 112 to peer 0x5899e059d670 (8 bytes)
1776599608.832726 sending message 112 to peer 0x5899e059d670 (12 bytes)
1776599608.832740 sending message 112 to peer 0x5899e059d670 (13 bytes)
1776599608.832754 sending message 112 to peer 0x5899e059d670 (9 bytes)
1776599608.832769 sending message 112 to peer 0x5899e059d670 (9 bytes)
1776599608.832784 sending message 112 to peer 0x5899e059d670 (12 bytes)
1776599608.832802 sending message 112 to peer 0x5899e059d670 (8 bytes)
1776599608.832816 sending message 112 to peer 0x5899e059d670 (8 bytes)
1776599608.832831 sending message 112 to peer 0x5899e059d670 (7 bytes)
1776599608.832846 sending message 112 to peer 0x5899e059d670 (7 bytes)
1776599608.832860 sending message 112 to peer 0x5899e059d670 (9 bytes)
1776599608.832874 sending message 112 to peer 0x5899e059d670 (13 bytes)
1776599608.832889 sending message 112 to peer 0x5899e059d670 (6 bytes)
1776599608.832905 sending message 112 to peer 0x5899e059d670 (9 bytes)
1776599608.832925 sending message 112 to peer 0x5899e059d670 (15 bytes)
1776599608.832939 sending message 112 to peer 0x5899e059d670 (13 bytes)
1776599608.832953 sending message 112 to peer 0x5899e059d670 (12 bytes)
1776599608.832967 sending message 112 to peer 0x5899e059d670 (8 bytes)
1776599608.832982 sending message 112 to peer 0x5899e059d670 (14 bytes)
1776599608.832996 sending message 112 to peer 0x5899e059d670 (11 bytes)
1776599608.833010 sending message 112 to peer 0x5899e059d670 (9 bytes)
1776599608.833029 sending message 112 to peer 0x5899e059d670 (10 bytes)
1776599608.833042 sending message 112 to peer 0x5899e059d670 (10 bytes)
1776599608.833081 sending message 112 to peer 0x5899e059d670 (10 bytes)
1776599608.833097 sending message 112 to peer 0x5899e059d670 (10 bytes)
1776599608.833112 sending message 112 to peer 0x5899e059d670 (11 bytes)
1776599608.833128 sending message 112 to peer 0x5899e059d670 (12 bytes)
1776599608.833147 sending message 112 to peer 0x5899e059d670 (12 bytes)
1776599608.833161 sending message 112 to peer 0x5899e059d670 (12 bytes)
1776599608.833176 sending message 112 to peer 0x5899e059d670 (12 bytes)
1776599608.833190 sending message 112 to peer 0x5899e059d670 (12 bytes)
1776599608.833205 sending message 112 to peer 0x5899e059d670 (11 bytes)
1776599608.833220 sending message 112 to peer 0x5899e059d670 (11 bytes)
1776599608.833235 sending message 112 to peer 0x5899e059d670 (12 bytes)
1776599608.833252 sending message 112 to peer 0x5899e059d670 (12 bytes)
1776599608.833266 sending message 112 to peer 0x5899e059d670 (12 bytes)
1776599608.833280 sending message 112 to peer 0x5899e059d670 (12 bytes)
1776599608.833294 sending message 112 to peer 0x5899e059d670 (12 bytes)
1776599608.833308 sending message 112 to peer 0x5899e059d670 (10 bytes)
1776599608.833323 sending message 112 to peer 0x5899e059d670 (12 bytes)
1776599608.833337 sending message 112 to peer 0x5899e059d670 (13 bytes)
1776599608.833351 sending message 112 to peer 0x5899e059d670 (13 bytes)
1776599608.833369 sending message 112 to peer 0x5899e059d670 (13 bytes)
1776599608.833384 sending message 112 to peer 0x5899e059d670 (13 bytes)
1776599608.833399 sending message 112 to peer 0x5899e059d670 (13 bytes)
1776599608.833414 sending message 112 to peer 0x5899e059d670 (8 bytes)
1776599608.833432 sending message 112 to peer 0x5899e059d670 (11 bytes)
1776599608.833450 sending message 112 to peer 0x5899e059d670 (11 bytes)
1776599608.833468 sending message 112 to peer 0x5899e059d670 (11 bytes)
1776599608.833487 sending message 112 to peer 0x5899e059d670 (12 bytes)
1776599608.833502 sending message 112 to peer 0x5899e059d670 (12 bytes)
1776599608.833517 sending message 112 to peer 0x5899e059d670 (12 bytes)
1776599608.833532 sending message 112 to peer 0x5899e059d670 (12 bytes)
1776599608.833546 sending message 112 to peer 0x5899e059d670 (13 bytes)
1776599608.833561 sending message 112 to peer 0x5899e059d670 (13 bytes)
1776599608.833576 sending message 112 to peer 0x5899e059d670 (13 bytes)
1776599608.833595 sending message 112 to peer 0x5899e059d670 (8 bytes)
1776599608.833628 sending message 112 to peer 0x5899e059d670 (13 bytes)
1776599608.833642 sending message 112 to peer 0x5899e059d670 (13 bytes)
1776599608.833657 sending message 112 to peer 0x5899e059d670 (13 bytes)
1776599608.833672 sending message 112 to peer 0x5899e059d670 (13 bytes)
1776599608.833686 sending message 112 to peer 0x5899e059d670 (13 bytes)
1776599608.833700 sending message 112 to peer 0x5899e059d670 (12 bytes)
1776599608.833714 sending message 112 to peer 0x5899e059d670 (12 bytes)
1776599608.833732 sending message 112 to peer 0x5899e059d670 (12 bytes)
1776599608.833749 sending message 112 to peer 0x5899e059d670 (12 bytes)
1776599608.833764 sending message 112 to peer 0x5899e059d670 (13 bytes)
1776599608.833778 sending message 112 to peer 0x5899e059d670 (8 bytes)
1776599608.833792 sending message 112 to peer 0x5899e059d670 (13 bytes)
1776599608.833806 sending message 112 to peer 0x5899e059d670 (13 bytes)
1776599608.833824 sending message 112 to peer 0x5899e059d670 (13 bytes)
1776599608.833841 sending message 112 to peer 0x5899e059d670 (13 bytes)
1776599608.833859 sending message 112 to peer 0x5899e059d670 (13 bytes)
1776599608.833873 sending message 112 to peer 0x5899e059d670 (13 bytes)
1776599608.833887 sending message 112 to peer 0x5899e059d670 (13 bytes)
1776599608.833901 sending message 112 to peer 0x5899e059d670 (12 bytes)
1776599608.833916 sending message 112 to peer 0x5899e059d670 (12 bytes)
1776599608.833931 sending message 112 to peer 0x5899e059d670 (12 bytes)
1776599608.833946 sending message 112 to peer 0x5899e059d670 (8 bytes)
1776599608.833968 sending message 112 to peer 0x5899e059d670 (12 bytes)
1776599608.833992 sending message 112 to peer 0x5899e059d670 (13 bytes)
1776599608.834007 sending message 112 to peer 0x5899e059d670 (13 bytes)
1776599608.834020 sending message 112 to peer 0x5899e059d670 (13 bytes)
1776599608.834034 sending message 112 to peer 0x5899e059d670 (13 bytes)
1776599608.834049 sending message 112 to peer 0x5899e059d670 (13 bytes)
1776599608.834064 sending message 112 to peer 0x5899e059d670 (13 bytes)
1776599608.834079 sending message 112 to peer 0x5899e059d670 (13 bytes)
1776599608.834098 sending message 112 to peer 0x5899e059d670 (13 bytes)
1776599608.834113 sending message 112 to peer 0x5899e059d670 (12 bytes)
1776599608.834128 sending message 112 to peer 0x5899e059d670 (10 bytes)
1776599608.834143 sending message 112 to peer 0x5899e059d670 (12 bytes)
1776599608.834158 sending message 112 to peer 0x5899e059d670 (12 bytes)
1776599608.834174 sending message 112 to peer 0x5899e059d670 (12 bytes)
1776599608.834189 sending message 112 to peer 0x5899e059d670 (13 bytes)
1776599608.834204 sending message 112 to peer 0x5899e059d670 (13 bytes)
1776599608.834219 sending message 112 to peer 0x5899e059d670 (13 bytes)
1776599608.834234 sending message 112 to peer 0x5899e059d670 (13 bytes)
1776599608.834252 sending message 112 to peer 0x5899e059d670 (13 bytes)
1776599608.834271 sending message 112 to peer 0x5899e059d670 (13 bytes)
1776599608.834288 sending message 112 to peer 0x5899e059d670 (13 bytes)
1776599608.834304 sending message 112 to peer 0x5899e059d670 (10 bytes)
1776599608.834320 sending message 112 to peer 0x5899e059d670 (13 bytes)
1776599608.834337 sending message 112 to peer 0x5899e059d670 (12 bytes)
1776599608.834352 sending message 112 to peer 0x5899e059d670 (12 bytes)
1776599608.834367 sending message 112 to peer 0x5899e059d670 (12 bytes)
1776599608.834382 sending message 112 to peer 0x5899e059d670 (10 bytes)
1776599608.834397 sending message 112 to peer 0x5899e059d670 (10 bytes)
1776599608.834416 sending message 112 to peer 0x5899e059d670 (10 bytes)
1776599608.834431 sending message 112 to peer 0x5899e059d670 (12 bytes)
1776599608.834446 sending message 112 to peer 0x5899e059d670 (13 bytes)
1776599608.834461 sending message 112 to peer 0x5899e059d670 (13 bytes)
1776599608.834475 sending message 112 to peer 0x5899e059d670 (13 bytes)
1776599608.834490 sending message 112 to peer 0x5899e059d670 (13 bytes)
1776599608.834505 sending message 112 to peer 0x5899e059d670 (13 bytes)
1776599608.834524 sending message 112 to peer 0x5899e059d670 (11 bytes)
1776599608.834538 sending message 112 to peer 0x5899e059d670 (11 bytes)
1776599608.834552 sending message 112 to peer 0x5899e059d670 (12 bytes)
1776599608.834566 sending message 112 to peer 0x5899e059d670 (12 bytes)
1776599608.834580 sending message 112 to peer 0x5899e059d670 (12 bytes)
1776599608.834595 sending message 112 to peer 0x5899e059d670 (12 bytes)
1776599608.834625 sending message 112 to peer 0x5899e059d670 (12 bytes)
1776599608.834643 sending message 112 to peer 0x5899e059d670 (11 bytes)
1776599608.834657 sending message 112 to peer 0x5899e059d670 (12 bytes)
1776599608.834678 sending message 112 to peer 0x5899e059d670 (12 bytes)
1776599608.834693 sending message 112 to peer 0x5899e059d670 (13 bytes)
1776599608.834707 sending message 112 to peer 0x5899e059d670 (13 bytes)
1776599608.834721 sending message 112 to peer 0x5899e059d670 (13 bytes)
1776599608.834735 sending message 112 to peer 0x5899e059d670 (13 bytes)
1776599608.834754 sending message 112 to peer 0x5899e059d670 (13 bytes)
1776599608.834768 sending message 112 to peer 0x5899e059d670 (10 bytes)
1776599608.834783 sending message 112 to peer 0x5899e059d670 (9 bytes)
1776599608.834801 sending message 112 to peer 0x5899e059d670 (12 bytes)
1776599608.834815 sending message 112 to peer 0x5899e059d670 (13 bytes)
1776599608.834829 sending message 112 to peer 0x5899e059d670 (13 bytes)
1776599608.834844 sending message 112 to peer 0x5899e059d670 (13 bytes)
1776599608.834859 sending message 112 to peer 0x5899e059d670 (13 bytes)
1776599608.834874 sending message 112 to peer 0x5899e059d670 (13 bytes)
1776599608.834896 sending message 112 to peer 0x5899e059d670 (9 bytes)
1776599608.834914 sending message 112 to peer 0x5899e059d670 (12 bytes)
1776599608.834929 sending message 112 to peer 0x5899e059d670 (13 bytes)
1776599608.834943 sending message 112 to peer 0x5899e059d670 (13 bytes)
1776599608.834959 sending message 112 to peer 0x5899e059d670 (13 bytes)
1776599608.834972 sending message 112 to peer 0x5899e059d670 (13 bytes)
1776599608.834987 sending message 112 to peer 0x5899e059d670 (13 bytes)
1776599608.835002 sending message 112 to peer 0x5899e059d670 (11 bytes)
1776599608.835021 sending message 112 to peer 0x5899e059d670 (12 bytes)
1776599608.835035 sending message 112 to peer 0x5899e059d670 (13 bytes)
1776599608.835049 sending message 112 to peer 0x5899e059d670 (13 bytes)
1776599608.835063 sending message 112 to peer 0x5899e059d670 (13 bytes)
1776599608.835077 sending message 112 to peer 0x5899e059d670 (13 bytes)
1776599608.835093 sending message 112 to peer 0x5899e059d670 (13 bytes)
1776599608.835108 sending message 112 to peer 0x5899e059d670 (11 bytes)
1776599608.835125 sending message 112 to peer 0x5899e059d670 (12 bytes)
1776599608.835146 sending message 112 to peer 0x5899e059d670 (12 bytes)
1776599608.835161 sending message 112 to peer 0x5899e059d670 (12 bytes)
1776599608.835175 sending message 112 to peer 0x5899e059d670 (12 bytes)
1776599608.835190 sending message 112 to peer 0x5899e059d670 (12 bytes)
1776599608.835204 sending message 112 to peer 0x5899e059d670 (21 bytes)
1776599608.835219 sending message 112 to peer 0x5899e059d670 (12 bytes)
1776599608.835234 sending message 112 to peer 0x5899e059d670 (9 bytes)
1776599608.835252 sending message 112 to peer 0x5899e059d670 (6 bytes)
1776599608.835268 sending message 112 to peer 0x5899e059d670 (13 bytes)
1776599608.835284 sending message 112 to peer 0x5899e059d670 (8 bytes)
1776599608.835299 sending message 112 to peer 0x5899e059d670 (15 bytes)
1776599608.835313 sending message 112 to peer 0x5899e059d670 (13 bytes)
1776599608.835327 sending message 112 to peer 0x5899e059d670 (9 bytes)
1776599608.835341 sending message 112 to peer 0x5899e059d670 (70 bytes)
1776599608.835360 sending message 112 to peer 0x5899e059d670 (69 bytes)
1776599608.835375 sending message 112 to peer 0x5899e059d670 (10 bytes)
1776599608.835390 sending message 112 to peer 0x5899e059d670 (10 bytes)
1776599608.835406 sending message 112 to peer 0x5899e059d670 (8 bytes)
1776599608.835421 sending message 112 to peer 0x5899e059d670 (15 bytes)
1776599608.835436 sending message 112 to peer 0x5899e059d670 (13 bytes)
1776599608.835452 sending message 112 to peer 0x5899e059d670 (10 bytes)
1776599608.835470 sending message 112 to peer 0x5899e059d670 (10 bytes)
1776599608.835486 sending message 112 to peer 0x5899e059d670 (17 bytes)
1776599608.835500 sending message 112 to peer 0x5899e059d670 (10 bytes)
1776599608.835515 sending message 112 to peer 0x5899e059d670 (13 bytes)
1776599608.835529 sending message 112 to peer 0x5899e059d670 (9 bytes)
1776599608.835543 sending message 112 to peer 0x5899e059d670 (5 bytes)
1776599608.835558 sending message 112 to peer 0x5899e059d670 (15 bytes)
1776599608.835577 sending message 104 to peer 0x5899e059d670 (0 bytes)
1776599608.835597 sending message 110 to peer 0x5899e059d670 (0 bytes)
1776599608.835628 sending message 107 to peer 0x5899e059d670 (4 bytes)
1776599608.835644 sending message 105 to peer 0x5899e059d670 (16 bytes)
1776599608.835660 sending message 105 to peer 0x5899e059d670 (116 bytes)
1776599608.835676 sending message 105 to peer 0x5899e059d670 (19 bytes)
1776599608.835692 sending message 105 to peer 0x5899e059d670 (20 bytes)
1776599608.835710 sending message 105 to peer 0x5899e059d670 (45 bytes)
1776599608.835729 sending message 105 to peer 0x5899e059d670 (63 bytes)
1776599608.835744 sending message 105 to peer 0x5899e059d670 (23 bytes)
1776599608.835760 sending message 105 to peer 0x5899e059d670 (25 bytes)
1776599608.835775 sending message 105 to peer 0x5899e059d670 (44 bytes)
1776599608.835791 sending message 105 to peer 0x5899e059d670 (36 bytes)
1776599608.835829 sending message 105 to peer 0x5899e059d670 (45 bytes)
1776599608.835849 sending message 105 to peer 0x5899e059d670 (49 bytes)
1776599608.835867 sending message 105 to peer 0x5899e059d670 (32 bytes)
1776599608.835885 sending message 105 to peer 0x5899e059d670 (41 bytes)
1776599608.835899 sending message 105 to peer 0x5899e059d670 (51 bytes)
1776599608.835913 sending message 105 to peer 0x5899e059d670 (20 bytes)
1776599608.835930 sending message 105 to peer 0x5899e059d670 (23 bytes)
1776599608.835949 sending message 105 to peer 0x5899e059d670 (28 bytes)
1776599608.835964 sending message 105 to peer 0x5899e059d670 (37 bytes)
1776599608.835979 sending message 105 to peer 0x5899e059d670 (27 bytes)
1776599608.835993 sending message 105 to peer 0x5899e059d670 (16 bytes)
1776599608.836008 sending message 105 to peer 0x5899e059d670 (21 bytes)
1776599608.836023 sending message 105 to peer 0x5899e059d670 (52 bytes)
1776599608.836038 sending message 105 to peer 0x5899e059d670 (22 bytes)
1776599608.836056 sending message 105 to peer 0x5899e059d670 (41 bytes)
1776599608.836071 sending message 105 to peer 0x5899e059d670 (49 bytes)
1776599608.836085 sending message 105 to peer 0x5899e059d670 (13 bytes)
1776599608.836102 sending message 105 to peer 0x5899e059d670 (19 bytes)
1776599608.836118 sending message 105 to peer 0x5899e059d670 (17 bytes)
1776599608.836133 sending message 105 to peer 0x5899e059d670 (17 bytes)
1776599608.836150 sending message 105 to peer 0x5899e059d670 (1817 bytes)
1776599608.836221 sending message 105 to peer 0x5899e059d670 (33 bytes)
1776599608.836245 sending message 105 to peer 0x5899e059d670 (155 bytes)
1776599608.836261 sending message 105 to peer 0x5899e059d670 (17 bytes)
1776599608.836275 sending message 105 to peer 0x5899e059d670 (20 bytes)
1776599608.836295 sending message 105 to peer 0x5899e059d670 (75 bytes)
1776599608.836310 sending message 105 to peer 0x5899e059d670 (86 bytes)
1776599608.836325 sending message 105 to peer 0x5899e059d670 (91 bytes)
1776599608.836341 sending message 105 to peer 0x5899e059d670 (22 bytes)
1776599608.836356 sending message 105 to peer 0x5899e059d670 (30 bytes)
1776599608.836370 sending message 105 to peer 0x5899e059d670 (27 bytes)
1776599608.836385 sending message 105 to peer 0x5899e059d670 (31 bytes)
1776599608.836404 sending message 105 to peer 0x5899e059d670 (34 bytes)
1776599608.836418 sending message 105 to peer 0x5899e059d670 (23 bytes)
1776599608.836433 sending message 105 to peer 0x5899e059d670 (19 bytes)
1776599608.836446 sending message 105 to peer 0x5899e059d670 (32 bytes)
1776599608.836461 sending message 105 to peer 0x5899e059d670 (35 bytes)
1776599608.836477 sending message 105 to peer 0x5899e059d670 (13 bytes)
1776599608.836492 sending message 105 to peer 0x5899e059d670 (13 bytes)
1776599608.836510 sending message 105 to peer 0x5899e059d670 (64 bytes)
1776599608.836526 sending message 105 to peer 0x5899e059d670 (30 bytes)
1776599608.836541 sending message 105 to peer 0x5899e059d670 (11 bytes)
1776599608.836561 sending message 105 to peer 0x5899e059d670 (8 bytes)
1776599608.836578 sending message 105 to peer 0x5899e059d670 (14 bytes)
1776599608.836593 sending message 105 to peer 0x5899e059d670 (35 bytes)
1776599608.836651 sending message 105 to peer 0x5899e059d670 (18 bytes)
1776599608.836671 sending message 105 to peer 0x5899e059d670 (16 bytes)
1776599608.836686 sending message 105 to peer 0x5899e059d670 (31 bytes)
1776599608.836701 sending message 105 to peer 0x5899e059d670 (120 bytes)
1776599608.836717 sending message 105 to peer 0x5899e059d670 (47 bytes)
1776599608.836734 sending message 105 to peer 0x5899e059d670 (92 bytes)
1776599608.836752 sending message 105 to peer 0x5899e059d670 (102 bytes)
1776599608.836772 sending message 105 to peer 0x5899e059d670 (16 bytes)
1776599608.836788 sending message 105 to peer 0x5899e059d670 (557 bytes)
1776599608.836804 sending message 105 to peer 0x5899e059d670 (18 bytes)
1776599608.836819 sending message 105 to peer 0x5899e059d670 (54 bytes)
1776599608.836835 sending message 105 to peer 0x5899e059d670 (54 bytes)
1776599608.836859 sending message 105 to peer 0x5899e059d670 (29 bytes)
1776599608.836878 sending message 105 to peer 0x5899e059d670 (18 bytes)
1776599608.836893 sending message 105 to peer 0x5899e059d670 (49 bytes)
1776599608.836907 sending message 105 to peer 0x5899e059d670 (16 bytes)
1776599608.836924 sending message 106 to peer 0x5899e059d670 (0 bytes)
1776599608.837094 sending message 200 to peer 0x5899e059d670 (4 bytes)
1776599608.837130 client loop enter
1776599608.844815 peer 0x5899e059d670 message 303
1776599608.844891 open write file 2 -
1776599608.844933 sending message 305 to peer 0x5899e059d670 (8 bytes)
1776599608.844994 write check file 2
1776599608.845945 peer 0x5899e059d670 message 304
1776599608.845974 write 58 to file 2
1776599608.845999 peer 0x5899e059d670 message 203
1776599608.846019 file 2 58 bytes left
1776599608.846065 write check file 2
1776599608.846081 client loop exit
