1776599597.004961 client started (93003): version 3.4, socket /tmp/tmux-1000/default, protocol 8
1776599597.005003 on Linux 6.17.0-20-generic #20~24.04.1-Ubuntu SMP PREEMPT_DYNAMIC Thu Mar 19 01:28:37 UTC 2
1776599597.005014 using libevent 2.1.12-stable poll
1776599597.005020 using ncurses 6.4 20240113
1776599597.005046 flags are 0x18010000
1776599597.005063 socket is /tmp/tmux-1000/default
1776599597.005082 trying connect
1776599597.005109 connect failed: No such file or directory
1776599597.005124 lock file is /tmp/tmux-1000/default.lock
1776599597.005152 flock succeeded
1776599597.005159 got lock (6)
1776599597.005168 trying connect
1776599597.005179 connect failed: No such file or directory
1776599597.005550 add peer 0x64ee1392a690: 7 ((nil))
1776599597.006112 sending message 100 to peer 0x64ee1392a690 (4 bytes)
1776599597.006127 sending message 111 to peer 0x64ee1392a690 (8 bytes)
1776599597.006135 sending message 101 to peer 0x64ee1392a690 (15 bytes)
1776599597.006141 sending message 109 to peer 0x64ee1392a690 (4 bytes)
1776599597.006147 sending message 102 to peer 0x64ee1392a690 (11 bytes)
1776599597.006153 sending message 108 to peer 0x64ee1392a690 (33 bytes)
1776599597.006159 sending message 112 to peer 0x64ee1392a690 (58 bytes)
1776599597.006165 sending message 112 to peer 0x64ee1392a690 (5 bytes)
1776599597.006171 sending message 112 to peer 0x64ee1392a690 (5 bytes)
1776599597.006176 sending message 112 to peer 0x64ee1392a690 (6 bytes)
1776599597.006183 sending message 112 to peer 0x64ee1392a690 (6 bytes)
1776599597.006191 sending message 112 to peer 0x64ee1392a690 (11 bytes)
1776599597.006197 sending message 112 to peer 0x64ee1392a690 (10 bytes)
1776599597.006202 sending message 112 to peer 0x64ee1392a690 (13 bytes)
1776599597.006208 sending message 112 to peer 0x64ee1392a690 (14 bytes)
1776599597.006213 sending message 112 to peer 0x64ee1392a690 (19 bytes)
1776599597.006219 sending message 112 to peer 0x64ee1392a690 (11 bytes)
1776599597.006225 sending message 112 to peer 0x64ee1392a690 (10 bytes)
1776599597.006230 sending message 112 to peer 0x64ee1392a690 (15 bytes)
1776599597.006237 sending message 112 to peer 0x64ee1392a690 (21 bytes)
1776599597.006243 sending message 112 to peer 0x64ee1392a690 (13 bytes)
1776599597.006249 sending message 112 to peer 0x64ee1392a690 (7 bytes)
1776599597.006254 sending message 112 to peer 0x64ee1392a690 (13 bytes)
1776599597.006260 sending message 112 to peer 0x64ee1392a690 (7 bytes)
1776599597.006266 sending message 112 to peer 0x64ee1392a690 (13 bytes)
1776599597.006271 sending message 112 to peer 0x64ee1392a690 (9 bytes)
1776599597.006278 sending message 112 to peer 0x64ee1392a690 (21 bytes)
1776599597.006284 sending message 112 to peer 0x64ee1392a690 (13 bytes)
1776599597.006290 sending message 112 to peer 0x64ee1392a690 (9 bytes)
1776599597.006295 sending message 112 to peer 0x64ee1392a690 (16 bytes)
1776599597.006301 sending message 112 to peer 0x64ee1392a690 (13 bytes)
1776599597.006306 sending message 112 to peer 0x64ee1392a690 (9 bytes)
1776599597.006312 sending message 112 to peer 0x64ee1392a690 (9 bytes)
1776599597.006318 sending message 112 to peer 0x64ee1392a690 (12 bytes)
1776599597.006324 sending message 112 to peer 0x64ee1392a690 (8 bytes)
1776599597.006330 sending message 112 to peer 0x64ee1392a690 (8 bytes)
1776599597.006336 sending message 112 to peer 0x64ee1392a690 (13 bytes)
1776599597.006342 sending message 112 to peer 0x64ee1392a690 (7 bytes)
1776599597.006347 sending message 112 to peer 0x64ee1392a690 (7 bytes)
1776599597.006353 sending message 112 to peer 0x64ee1392a690 (9 bytes)
1776599597.006361 sending message 112 to peer 0x64ee1392a690 (9 bytes)
1776599597.006370 sending message 112 to peer 0x64ee1392a690 (15 bytes)
1776599597.006376 sending message 112 to peer 0x64ee1392a690 (13 bytes)
1776599597.006381 sending message 112 to peer 0x64ee1392a690 (12 bytes)
1776599597.006386 sending message 112 to peer 0x64ee1392a690 (8 bytes)
1776599597.006392 sending message 112 to peer 0x64ee1392a690 (14 bytes)
1776599597.006398 sending message 112 to peer 0x64ee1392a690 (11 bytes)
1776599597.006412 sending message 112 to peer 0x64ee1392a690 (9 bytes)
1776599597.006419 sending message 112 to peer 0x64ee1392a690 (10 bytes)
1776599597.006425 sending message 112 to peer 0x64ee1392a690 (10 bytes)
1776599597.006430 sending message 112 to peer 0x64ee1392a690 (10 bytes)
1776599597.006436 sending message 112 to peer 0x64ee1392a690 (10 bytes)
1776599597.006442 sending message 112 to peer 0x64ee1392a690 (11 bytes)
1776599597.006448 sending message 112 to peer 0x64ee1392a690 (12 bytes)
1776599597.006454 sending message 112 to peer 0x64ee1392a690 (12 bytes)
1776599597.006459 sending message 112 to peer 0x64ee1392a690 (12 bytes)
1776599597.006464 sending message 112 to peer 0x64ee1392a690 (12 bytes)
1776599597.006469 sending message 112 to peer 0x64ee1392a690 (12 bytes)
1776599597.006474 sending message 112 to peer 0x64ee1392a690 (11 bytes)
1776599597.006479 sending message 112 to peer 0x64ee1392a690 (11 bytes)
1776599597.006485 sending message 112 to peer 0x64ee1392a690 (12 bytes)
1776599597.006490 sending message 112 to peer 0x64ee1392a690 (12 bytes)
1776599597.006497 sending message 112 to peer 0x64ee1392a690 (12 bytes)
1776599597.006502 sending message 112 to peer 0x64ee1392a690 (12 bytes)
1776599597.006508 sending message 112 to peer 0x64ee1392a690 (12 bytes)
1776599597.006513 sending message 112 to peer 0x64ee1392a690 (9 bytes)
1776599597.006519 sending message 112 to peer 0x64ee1392a690 (12 bytes)
1776599597.006525 sending message 112 to peer 0x64ee1392a690 (13 bytes)
1776599597.006530 sending message 112 to peer 0x64ee1392a690 (13 bytes)
1776599597.006536 sending message 112 to peer 0x64ee1392a690 (13 bytes)
1776599597.006543 sending message 112 to peer 0x64ee1392a690 (13 bytes)
1776599597.006548 sending message 112 to peer 0x64ee1392a690 (13 bytes)
1776599597.006554 sending message 112 to peer 0x64ee1392a690 (8 bytes)
1776599597.006559 sending message 112 to peer 0x64ee1392a690 (11 bytes)
1776599597.006564 sending message 112 to peer 0x64ee1392a690 (11 bytes)
1776599597.006569 sending message 112 to peer 0x64ee1392a690 (11 bytes)
1776599597.006574 sending message 112 to peer 0x64ee1392a690 (12 bytes)
1776599597.006579 sending message 112 to peer 0x64ee1392a690 (12 bytes)
1776599597.006584 sending message 112 to peer 0x64ee1392a690 (12 bytes)
1776599597.006589 sending message 112 to peer 0x64ee1392a690 (12 bytes)
1776599597.006594 sending message 112 to peer 0x64ee1392a690 (13 bytes)
1776599597.006599 sending message 112 to peer 0x64ee1392a690 (13 bytes)
1776599597.006604 sending message 112 to peer 0x64ee1392a690 (13 bytes)
1776599597.006618 sending message 112 to peer 0x64ee1392a690 (8 bytes)
1776599597.006624 sending message 112 to peer 0x64ee1392a690 (13 bytes)
1776599597.006630 sending message 112 to peer 0x64ee1392a690 (13 bytes)
1776599597.006636 sending message 112 to peer 0x64ee1392a690 (13 bytes)
1776599597.006641 sending message 112 to peer 0x64ee1392a690 (13 bytes)
1776599597.006646 sending message 112 to peer 0x64ee1392a690 (13 bytes)
1776599597.006651 sending message 112 to peer 0x64ee1392a690 (12 bytes)
1776599597.006656 sending message 112 to peer 0x64ee1392a690 (12 bytes)
1776599597.006661 sending message 112 to peer 0x64ee1392a690 (12 bytes)
1776599597.006666 sending message 112 to peer 0x64ee1392a690 (12 bytes)
1776599597.006673 sending message 112 to peer 0x64ee1392a690 (13 bytes)
1776599597.006678 sending message 112 to peer 0x64ee1392a690 (8 bytes)
1776599597.006683 sending message 112 to peer 0x64ee1392a690 (13 bytes)
1776599597.006688 sending message 112 to peer 0x64ee1392a690 (13 bytes)
1776599597.006695 sending message 112 to peer 0x64ee1392a690 (13 bytes)
1776599597.006700 sending message 112 to peer 0x64ee1392a690 (13 bytes)
1776599597.006709 sending message 112 to peer 0x64ee1392a690 (13 bytes)
1776599597.006714 sending message 112 to peer 0x64ee1392a690 (13 bytes)
1776599597.006720 sending message 112 to peer 0x64ee1392a690 (13 bytes)
1776599597.006726 sending message 112 to peer 0x64ee1392a690 (12 bytes)
1776599597.006735 sending message 112 to peer 0x64ee1392a690 (12 bytes)
1776599597.006746 sending message 112 to peer 0x64ee1392a690 (12 bytes)
1776599597.006753 sending message 112 to peer 0x64ee1392a690 (8 bytes)
1776599597.006761 sending message 112 to peer 0x64ee1392a690 (12 bytes)
1776599597.006767 sending message 112 to peer 0x64ee1392a690 (13 bytes)
1776599597.006773 sending message 112 to peer 0x64ee1392a690 (13 bytes)
1776599597.006778 sending message 112 to peer 0x64ee1392a690 (13 bytes)
1776599597.006785 sending message 112 to peer 0x64ee1392a690 (13 bytes)
1776599597.006790 sending message 112 to peer 0x64ee1392a690 (13 bytes)
1776599597.006799 sending message 112 to peer 0x64ee1392a690 (13 bytes)
1776599597.006804 sending message 112 to peer 0x64ee1392a690 (13 bytes)
1776599597.006809 sending message 112 to peer 0x64ee1392a690 (13 bytes)
1776599597.006814 sending message 112 to peer 0x64ee1392a690 (12 bytes)
1776599597.006820 sending message 112 to peer 0x64ee1392a690 (10 bytes)
1776599597.006825 sending message 112 to peer 0x64ee1392a690 (12 bytes)
1776599597.006831 sending message 112 to peer 0x64ee1392a690 (12 bytes)
1776599597.006839 sending message 112 to peer 0x64ee1392a690 (12 bytes)
1776599597.006844 sending message 112 to peer 0x64ee1392a690 (13 bytes)
1776599597.006849 sending message 112 to peer 0x64ee1392a690 (13 bytes)
1776599597.006854 sending message 112 to peer 0x64ee1392a690 (13 bytes)
1776599597.006860 sending message 112 to peer 0x64ee1392a690 (13 bytes)
1776599597.006865 sending message 112 to peer 0x64ee1392a690 (13 bytes)
1776599597.006871 sending message 112 to peer 0x64ee1392a690 (13 bytes)
1776599597.006876 sending message 112 to peer 0x64ee1392a690 (13 bytes)
1776599597.006883 sending message 112 to peer 0x64ee1392a690 (10 bytes)
1776599597.006888 sending message 112 to peer 0x64ee1392a690 (13 bytes)
1776599597.006895 sending message 112 to peer 0x64ee1392a690 (12 bytes)
1776599597.006900 sending message 112 to peer 0x64ee1392a690 (12 bytes)
1776599597.006906 sending message 112 to peer 0x64ee1392a690 (12 bytes)
1776599597.006914 sending message 112 to peer 0x64ee1392a690 (10 bytes)
1776599597.006920 sending message 112 to peer 0x64ee1392a690 (10 bytes)
1776599597.006926 sending message 112 to peer 0x64ee1392a690 (10 bytes)
1776599597.006931 sending message 112 to peer 0x64ee1392a690 (12 bytes)
1776599597.006937 sending message 112 to peer 0x64ee1392a690 (13 bytes)
1776599597.006942 sending message 112 to peer 0x64ee1392a690 (13 bytes)
1776599597.006948 sending message 112 to peer 0x64ee1392a690 (13 bytes)
1776599597.006955 sending message 112 to peer 0x64ee1392a690 (13 bytes)
1776599597.006961 sending message 112 to peer 0x64ee1392a690 (13 bytes)
1776599597.006967 sending message 112 to peer 0x64ee1392a690 (10 bytes)
1776599597.006983 sending message 112 to peer 0x64ee1392a690 (11 bytes)
1776599597.006991 sending message 112 to peer 0x64ee1392a690 (12 bytes)
1776599597.006997 sending message 112 to peer 0x64ee1392a690 (12 bytes)
1776599597.007005 sending message 112 to peer 0x64ee1392a690 (12 bytes)
1776599597.007014 sending message 112 to peer 0x64ee1392a690 (12 bytes)
1776599597.007023 sending message 112 to peer 0x64ee1392a690 (12 bytes)
1776599597.007031 sending message 112 to peer 0x64ee1392a690 (11 bytes)
1776599597.007037 sending message 112 to peer 0x64ee1392a690 (12 bytes)
1776599597.007043 sending message 112 to peer 0x64ee1392a690 (12 bytes)
1776599597.007048 sending message 112 to peer 0x64ee1392a690 (13 bytes)
1776599597.007055 sending message 112 to peer 0x64ee1392a690 (13 bytes)
1776599597.007060 sending message 112 to peer 0x64ee1392a690 (13 bytes)
1776599597.007066 sending message 112 to peer 0x64ee1392a690 (13 bytes)
1776599597.007071 sending message 112 to peer 0x64ee1392a690 (13 bytes)
1776599597.007076 sending message 112 to peer 0x64ee1392a690 (10 bytes)
1776599597.007085 sending message 112 to peer 0x64ee1392a690 (9 bytes)
1776599597.007090 sending message 112 to peer 0x64ee1392a690 (12 bytes)
1776599597.007097 sending message 112 to peer 0x64ee1392a690 (13 bytes)
1776599597.007102 sending message 112 to peer 0x64ee1392a690 (13 bytes)
1776599597.007110 sending message 112 to peer 0x64ee1392a690 (13 bytes)
1776599597.007116 sending message 112 to peer 0x64ee1392a690 (13 bytes)
1776599597.007122 sending message 112 to peer 0x64ee1392a690 (13 bytes)
1776599597.007129 sending message 112 to peer 0x64ee1392a690 (9 bytes)
1776599597.007136 sending message 112 to peer 0x64ee1392a690 (12 bytes)
1776599597.007142 sending message 112 to peer 0x64ee1392a690 (13 bytes)
1776599597.007148 sending message 112 to peer 0x64ee1392a690 (13 bytes)
1776599597.007153 sending message 112 to peer 0x64ee1392a690 (13 bytes)
1776599597.007160 sending message 112 to peer 0x64ee1392a690 (13 bytes)
1776599597.007165 sending message 112 to peer 0x64ee1392a690 (13 bytes)
1776599597.007171 sending message 112 to peer 0x64ee1392a690 (11 bytes)
1776599597.007178 sending message 112 to peer 0x64ee1392a690 (12 bytes)
1776599597.007183 sending message 112 to peer 0x64ee1392a690 (13 bytes)
1776599597.007188 sending message 112 to peer 0x64ee1392a690 (13 bytes)
1776599597.007194 sending message 112 to peer 0x64ee1392a690 (13 bytes)
1776599597.007199 sending message 112 to peer 0x64ee1392a690 (13 bytes)
1776599597.007205 sending message 112 to peer 0x64ee1392a690 (13 bytes)
1776599597.007211 sending message 112 to peer 0x64ee1392a690 (11 bytes)
1776599597.007218 sending message 112 to peer 0x64ee1392a690 (12 bytes)
1776599597.007223 sending message 112 to peer 0x64ee1392a690 (12 bytes)
1776599597.007229 sending message 112 to peer 0x64ee1392a690 (12 bytes)
1776599597.007236 sending message 112 to peer 0x64ee1392a690 (12 bytes)
1776599597.007242 sending message 112 to peer 0x64ee1392a690 (12 bytes)
1776599597.007248 sending message 112 to peer 0x64ee1392a690 (21 bytes)
1776599597.007253 sending message 112 to peer 0x64ee1392a690 (12 bytes)
1776599597.007260 sending message 112 to peer 0x64ee1392a690 (9 bytes)
1776599597.007265 sending message 112 to peer 0x64ee1392a690 (6 bytes)
1776599597.007272 sending message 112 to peer 0x64ee1392a690 (13 bytes)
1776599597.007282 sending message 112 to peer 0x64ee1392a690 (10 bytes)
1776599597.007289 sending message 112 to peer 0x64ee1392a690 (24 bytes)
1776599597.007295 sending message 112 to peer 0x64ee1392a690 (13 bytes)
1776599597.007303 sending message 112 to peer 0x64ee1392a690 (9 bytes)
1776599597.007309 sending message 112 to peer 0x64ee1392a690 (70 bytes)
1776599597.007314 sending message 112 to peer 0x64ee1392a690 (69 bytes)
1776599597.007320 sending message 112 to peer 0x64ee1392a690 (12 bytes)
1776599597.007328 sending message 112 to peer 0x64ee1392a690 (10 bytes)
1776599597.007333 sending message 112 to peer 0x64ee1392a690 (10 bytes)
1776599597.007347 sending message 112 to peer 0x64ee1392a690 (24 bytes)
1776599597.007364 sending message 112 to peer 0x64ee1392a690 (13 bytes)
1776599597.007379 sending message 112 to peer 0x64ee1392a690 (10 bytes)
1776599597.007394 sending message 112 to peer 0x64ee1392a690 (10 bytes)
1776599597.007409 sending message 112 to peer 0x64ee1392a690 (10 bytes)
1776599597.007424 sending message 112 to peer 0x64ee1392a690 (13 bytes)
1776599597.007444 sending message 112 to peer 0x64ee1392a690 (15 bytes)
1776599597.007464 sending message 112 to peer 0x64ee1392a690 (5 bytes)
1776599597.007488 sending message 104 to peer 0x64ee1392a690 (0 bytes)
1776599597.007505 sending message 110 to peer 0x64ee1392a690 (0 bytes)
1776599597.007523 sending message 107 to peer 0x64ee1392a690 (4 bytes)
1776599597.007538 sending message 105 to peer 0x64ee1392a690 (16 bytes)
1776599597.007553 sending message 105 to peer 0x64ee1392a690 (116 bytes)
1776599597.007569 sending message 105 to peer 0x64ee1392a690 (19 bytes)
1776599597.007584 sending message 105 to peer 0x64ee1392a690 (20 bytes)
1776599597.007599 sending message 105 to peer 0x64ee1392a690 (45 bytes)
1776599597.007643 sending message 105 to peer 0x64ee1392a690 (63 bytes)
1776599597.007666 sending message 105 to peer 0x64ee1392a690 (23 bytes)
1776599597.007687 sending message 105 to peer 0x64ee1392a690 (28 bytes)
1776599597.007707 sending message 105 to peer 0x64ee1392a690 (44 bytes)
1776599597.007729 sending message 105 to peer 0x64ee1392a690 (45 bytes)
1776599597.007744 sending message 105 to peer 0x64ee1392a690 (49 bytes)
1776599597.007759 sending message 105 to peer 0x64ee1392a690 (32 bytes)
1776599597.007779 sending message 105 to peer 0x64ee1392a690 (41 bytes)
1776599597.007794 sending message 105 to peer 0x64ee1392a690 (51 bytes)
1776599597.007809 sending message 105 to peer 0x64ee1392a690 (20 bytes)
1776599597.007826 sending message 105 to peer 0x64ee1392a690 (23 bytes)
1776599597.007848 sending message 105 to peer 0x64ee1392a690 (28 bytes)
1776599597.007863 sending message 105 to peer 0x64ee1392a690 (37 bytes)
1776599597.007879 sending message 105 to peer 0x64ee1392a690 (27 bytes)
1776599597.007894 sending message 105 to peer 0x64ee1392a690 (16 bytes)
1776599597.007910 sending message 105 to peer 0x64ee1392a690 (21 bytes)
1776599597.007929 sending message 105 to peer 0x64ee1392a690 (52 bytes)
1776599597.007944 sending message 105 to peer 0x64ee1392a690 (22 bytes)
1776599597.007960 sending message 105 to peer 0x64ee1392a690 (41 bytes)
1776599597.007975 sending message 105 to peer 0x64ee1392a690 (49 bytes)
1776599597.007990 sending message 105 to peer 0x64ee1392a690 (13 bytes)
1776599597.008005 sending message 105 to peer 0x64ee1392a690 (19 bytes)
1776599597.008023 sending message 105 to peer 0x64ee1392a690 (17 bytes)
1776599597.008041 sending message 105 to peer 0x64ee1392a690 (17 bytes)
1776599597.008063 sending message 105 to peer 0x64ee1392a690 (1817 bytes)
1776599597.008133 sending message 105 to peer 0x64ee1392a690 (33 bytes)
1776599597.008155 sending message 105 to peer 0x64ee1392a690 (155 bytes)
1776599597.008171 sending message 105 to peer 0x64ee1392a690 (17 bytes)
1776599597.008186 sending message 105 to peer 0x64ee1392a690 (20 bytes)
1776599597.008202 sending message 105 to peer 0x64ee1392a690 (75 bytes)
1776599597.008218 sending message 105 to peer 0x64ee1392a690 (86 bytes)
1776599597.008234 sending message 105 to peer 0x64ee1392a690 (91 bytes)
1776599597.008250 sending message 105 to peer 0x64ee1392a690 (30 bytes)
1776599597.008270 sending message 105 to peer 0x64ee1392a690 (22 bytes)
1776599597.008285 sending message 105 to peer 0x64ee1392a690 (27 bytes)
1776599597.008299 sending message 105 to peer 0x64ee1392a690 (31 bytes)
1776599597.008315 sending message 105 to peer 0x64ee1392a690 (34 bytes)
1776599597.008339 sending message 105 to peer 0x64ee1392a690 (23 bytes)
1776599597.008354 sending message 105 to peer 0x64ee1392a690 (20 bytes)
1776599597.008373 sending message 105 to peer 0x64ee1392a690 (32 bytes)
1776599597.008388 sending message 105 to peer 0x64ee1392a690 (35 bytes)
1776599597.008404 sending message 105 to peer 0x64ee1392a690 (13 bytes)
1776599597.008419 sending message 105 to peer 0x64ee1392a690 (64 bytes)
1776599597.008436 sending message 105 to peer 0x64ee1392a690 (30 bytes)
1776599597.008462 sending message 105 to peer 0x64ee1392a690 (11 bytes)
1776599597.008477 sending message 105 to peer 0x64ee1392a690 (8 bytes)
1776599597.008498 sending message 105 to peer 0x64ee1392a690 (14 bytes)
1776599597.008513 sending message 105 to peer 0x64ee1392a690 (35 bytes)
1776599597.008531 sending message 105 to peer 0x64ee1392a690 (18 bytes)
1776599597.008553 sending message 105 to peer 0x64ee1392a690 (16 bytes)
1776599597.008567 sending message 105 to peer 0x64ee1392a690 (31 bytes)
1776599597.008587 sending message 105 to peer 0x64ee1392a690 (120 bytes)
1776599597.008604 sending message 105 to peer 0x64ee1392a690 (47 bytes)
1776599597.008641 sending message 105 to peer 0x64ee1392a690 (92 bytes)
1776599597.008657 sending message 105 to peer 0x64ee1392a690 (102 bytes)
1776599597.008673 sending message 105 to peer 0x64ee1392a690 (16 bytes)
1776599597.008689 sending message 105 to peer 0x64ee1392a690 (433 bytes)
1776599597.008706 sending message 105 to peer 0x64ee1392a690 (18 bytes)
1776599597.008725 sending message 105 to peer 0x64ee1392a690 (54 bytes)
1776599597.008740 sending message 105 to peer 0x64ee1392a690 (54 bytes)
1776599597.008755 sending message 105 to peer 0x64ee1392a690 (29 bytes)
1776599597.008781 sending message 105 to peer 0x64ee1392a690 (20 bytes)
1776599597.008796 sending message 105 to peer 0x64ee1392a690 (49 bytes)
1776599597.008811 sending message 105 to peer 0x64ee1392a690 (16 bytes)
1776599597.008830 sending message 106 to peer 0x64ee1392a690 (0 bytes)
1776599597.008979 sending message 200 to peer 0x64ee1392a690 (4 bytes)
1776599597.008999 client loop enter
1776599597.009048 client_signal: Child exited
1776599597.082931 peer 0x64ee1392a690 message 207
1776599597.082944 sending message 208 to peer 0x64ee1392a690 (0 bytes)
1776599657.219583 peer 0x64ee1392a690 message 203
1776599657.219842 sending message 205 to peer 0x64ee1392a690 (0 bytes)
1776599657.221733 peer 0x64ee1392a690 message 204
1776599657.221821 client loop exit
