1776599611.701083 client started (93220): version 3.4, socket /tmp/tmux-1000/default, protocol 8
1776599611.701181 on Linux 6.17.0-20-generic #20~24.04.1-Ubuntu SMP PREEMPT_DYNAMIC Thu Mar 19 01:28:37 UTC 2
1776599611.701203 using libevent 2.1.12-stable poll
1776599611.701217 using ncurses 6.4 20240113
1776599611.701270 flags are 0x10010000
1776599611.701306 socket is /tmp/tmux-1000/default
1776599611.701347 trying connect
1776599611.701587 add peer 0x5a2f31e69670: 6 ((nil))
1776599611.702661 sending message 100 to peer 0x5a2f31e69670 (4 bytes)
1776599611.702706 sending message 111 to peer 0x5a2f31e69670 (8 bytes)
1776599611.702724 sending message 101 to peer 0x5a2f31e69670 (14 bytes)
1776599611.702739 sending message 109 to peer 0x5a2f31e69670 (4 bytes)
1776599611.702754 sending message 102 to peer 0x5a2f31e69670 (11 bytes)
1776599611.702767 sending message 108 to peer 0x5a2f31e69670 (33 bytes)
1776599611.702783 sending message 112 to peer 0x5a2f31e69670 (70 bytes)
1776599611.702798 sending message 112 to peer 0x5a2f31e69670 (5 bytes)
1776599611.702811 sending message 112 to peer 0x5a2f31e69670 (5 bytes)
1776599611.702825 sending message 112 to peer 0x5a2f31e69670 (6 bytes)
1776599611.702839 sending message 112 to peer 0x5a2f31e69670 (6 bytes)
1776599611.702857 sending message 112 to peer 0x5a2f31e69670 (11 bytes)
1776599611.702873 sending message 112 to peer 0x5a2f31e69670 (10 bytes)
1776599611.702887 sending message 112 to peer 0x5a2f31e69670 (13 bytes)
1776599611.702901 sending message 112 to peer 0x5a2f31e69670 (13 bytes)
1776599611.702914 sending message 112 to peer 0x5a2f31e69670 (18 bytes)
1776599611.702927 sending message 112 to peer 0x5a2f31e69670 (11 bytes)
1776599611.702941 sending message 112 to peer 0x5a2f31e69670 (10 bytes)
1776599611.702956 sending message 112 to peer 0x5a2f31e69670 (15 bytes)
1776599611.702974 sending message 112 to peer 0x5a2f31e69670 (21 bytes)
1776599611.702990 sending message 112 to peer 0x5a2f31e69670 (13 bytes)
1776599611.703003 sending message 112 to peer 0x5a2f31e69670 (7 bytes)
1776599611.703016 sending message 112 to peer 0x5a2f31e69670 (13 bytes)
1776599611.703029 sending message 112 to peer 0x5a2f31e69670 (7 bytes)
1776599611.703043 sending message 112 to peer 0x5a2f31e69670 (13 bytes)
1776599611.703057 sending message 112 to peer 0x5a2f31e69670 (9 bytes)
1776599611.703070 sending message 112 to peer 0x5a2f31e69670 (21 bytes)
1776599611.703087 sending message 112 to peer 0x5a2f31e69670 (13 bytes)
1776599611.703101 sending message 112 to peer 0x5a2f31e69670 (8 bytes)
1776599611.703115 sending message 112 to peer 0x5a2f31e69670 (12 bytes)
1776599611.703129 sending message 112 to peer 0x5a2f31e69670 (13 bytes)
1776599611.703143 sending message 112 to peer 0x5a2f31e69670 (9 bytes)
1776599611.703157 sending message 112 to peer 0x5a2f31e69670 (9 bytes)
1776599611.703172 sending message 112 to peer 0x5a2f31e69670 (12 bytes)
1776599611.703189 sending message 112 to peer 0x5a2f31e69670 (8 bytes)
1776599611.703204 sending message 112 to peer 0x5a2f31e69670 (8 bytes)
1776599611.703219 sending message 112 to peer 0x5a2f31e69670 (7 bytes)
1776599611.703233 sending message 112 to peer 0x5a2f31e69670 (7 bytes)
1776599611.703247 sending message 112 to peer 0x5a2f31e69670 (9 bytes)
1776599611.703261 sending message 112 to peer 0x5a2f31e69670 (13 bytes)
1776599611.703277 sending message 112 to peer 0x5a2f31e69670 (6 bytes)
1776599611.703293 sending message 112 to peer 0x5a2f31e69670 (9 bytes)
1776599611.703310 sending message 112 to peer 0x5a2f31e69670 (15 bytes)
1776599611.703325 sending message 112 to peer 0x5a2f31e69670 (13 bytes)
1776599611.703339 sending message 112 to peer 0x5a2f31e69670 (12 bytes)
1776599611.703353 sending message 112 to peer 0x5a2f31e69670 (8 bytes)
1776599611.703367 sending message 112 to peer 0x5a2f31e69670 (14 bytes)
1776599611.703381 sending message 112 to peer 0x5a2f31e69670 (11 bytes)
1776599611.703395 sending message 112 to peer 0x5a2f31e69670 (9 bytes)
1776599611.703410 sending message 112 to peer 0x5a2f31e69670 (10 bytes)
1776599611.703429 sending message 112 to peer 0x5a2f31e69670 (10 bytes)
1776599611.703505 sending message 112 to peer 0x5a2f31e69670 (10 bytes)
1776599611.703520 sending message 112 to peer 0x5a2f31e69670 (10 bytes)
1776599611.703538 sending message 112 to peer 0x5a2f31e69670 (11 bytes)
1776599611.703552 sending message 112 to peer 0x5a2f31e69670 (12 bytes)
1776599611.703565 sending message 112 to peer 0x5a2f31e69670 (12 bytes)
1776599611.703579 sending message 112 to peer 0x5a2f31e69670 (12 bytes)
1776599611.703593 sending message 112 to peer 0x5a2f31e69670 (12 bytes)
1776599611.703622 sending message 112 to peer 0x5a2f31e69670 (12 bytes)
1776599611.703636 sending message 112 to peer 0x5a2f31e69670 (11 bytes)
1776599611.703649 sending message 112 to peer 0x5a2f31e69670 (11 bytes)
1776599611.703666 sending message 112 to peer 0x5a2f31e69670 (12 bytes)
1776599611.703680 sending message 112 to peer 0x5a2f31e69670 (12 bytes)
1776599611.703694 sending message 112 to peer 0x5a2f31e69670 (12 bytes)
1776599611.703708 sending message 112 to peer 0x5a2f31e69670 (12 bytes)
1776599611.703722 sending message 112 to peer 0x5a2f31e69670 (12 bytes)
1776599611.703735 sending message 112 to peer 0x5a2f31e69670 (10 bytes)
1776599611.703750 sending message 112 to peer 0x5a2f31e69670 (12 bytes)
1776599611.703764 sending message 112 to peer 0x5a2f31e69670 (13 bytes)
1776599611.703782 sending message 112 to peer 0x5a2f31e69670 (13 bytes)
1776599611.703797 sending message 112 to peer 0x5a2f31e69670 (13 bytes)
1776599611.703811 sending message 112 to peer 0x5a2f31e69670 (13 bytes)
1776599611.703824 sending message 112 to peer 0x5a2f31e69670 (13 bytes)
1776599611.703839 sending message 112 to peer 0x5a2f31e69670 (8 bytes)
1776599611.703853 sending message 112 to peer 0x5a2f31e69670 (11 bytes)
1776599611.703868 sending message 112 to peer 0x5a2f31e69670 (11 bytes)
1776599611.703885 sending message 112 to peer 0x5a2f31e69670 (11 bytes)
1776599611.703902 sending message 112 to peer 0x5a2f31e69670 (12 bytes)
1776599611.703916 sending message 112 to peer 0x5a2f31e69670 (12 bytes)
1776599611.703929 sending message 112 to peer 0x5a2f31e69670 (12 bytes)
1776599611.703942 sending message 112 to peer 0x5a2f31e69670 (12 bytes)
1776599611.703955 sending message 112 to peer 0x5a2f31e69670 (13 bytes)
1776599611.703968 sending message 112 to peer 0x5a2f31e69670 (13 bytes)
1776599611.703981 sending message 112 to peer 0x5a2f31e69670 (13 bytes)
1776599611.703994 sending message 112 to peer 0x5a2f31e69670 (8 bytes)
1776599611.704011 sending message 112 to peer 0x5a2f31e69670 (13 bytes)
1776599611.704025 sending message 112 to peer 0x5a2f31e69670 (13 bytes)
1776599611.704038 sending message 112 to peer 0x5a2f31e69670 (13 bytes)
1776599611.704051 sending message 112 to peer 0x5a2f31e69670 (13 bytes)
1776599611.704064 sending message 112 to peer 0x5a2f31e69670 (13 bytes)
1776599611.704078 sending message 112 to peer 0x5a2f31e69670 (12 bytes)
1776599611.704091 sending message 112 to peer 0x5a2f31e69670 (12 bytes)
1776599611.704104 sending message 112 to peer 0x5a2f31e69670 (12 bytes)
1776599611.704122 sending message 112 to peer 0x5a2f31e69670 (12 bytes)
1776599611.704136 sending message 112 to peer 0x5a2f31e69670 (13 bytes)
1776599611.704150 sending message 112 to peer 0x5a2f31e69670 (8 bytes)
1776599611.704164 sending message 112 to peer 0x5a2f31e69670 (13 bytes)
1776599611.704179 sending message 112 to peer 0x5a2f31e69670 (13 bytes)
1776599611.704193 sending message 112 to peer 0x5a2f31e69670 (13 bytes)
1776599611.704207 sending message 112 to peer 0x5a2f31e69670 (13 bytes)
1776599611.704221 sending message 112 to peer 0x5a2f31e69670 (13 bytes)
1776599611.704239 sending message 112 to peer 0x5a2f31e69670 (13 bytes)
1776599611.704253 sending message 112 to peer 0x5a2f31e69670 (13 bytes)
1776599611.704267 sending message 112 to peer 0x5a2f31e69670 (12 bytes)
1776599611.704281 sending message 112 to peer 0x5a2f31e69670 (12 bytes)
1776599611.704295 sending message 112 to peer 0x5a2f31e69670 (12 bytes)
1776599611.704309 sending message 112 to peer 0x5a2f31e69670 (8 bytes)
1776599611.704324 sending message 112 to peer 0x5a2f31e69670 (12 bytes)
1776599611.704349 sending message 112 to peer 0x5a2f31e69670 (13 bytes)
1776599611.704366 sending message 112 to peer 0x5a2f31e69670 (13 bytes)
1776599611.704379 sending message 112 to peer 0x5a2f31e69670 (13 bytes)
1776599611.704392 sending message 112 to peer 0x5a2f31e69670 (13 bytes)
1776599611.704405 sending message 112 to peer 0x5a2f31e69670 (13 bytes)
1776599611.704418 sending message 112 to peer 0x5a2f31e69670 (13 bytes)
1776599611.704431 sending message 112 to peer 0x5a2f31e69670 (13 bytes)
1776599611.704445 sending message 112 to peer 0x5a2f31e69670 (13 bytes)
1776599611.704463 sending message 112 to peer 0x5a2f31e69670 (12 bytes)
1776599611.704477 sending message 112 to peer 0x5a2f31e69670 (10 bytes)
1776599611.704490 sending message 112 to peer 0x5a2f31e69670 (12 bytes)
1776599611.704505 sending message 112 to peer 0x5a2f31e69670 (12 bytes)
1776599611.704519 sending message 112 to peer 0x5a2f31e69670 (12 bytes)
1776599611.704533 sending message 112 to peer 0x5a2f31e69670 (13 bytes)
1776599611.704547 sending message 112 to peer 0x5a2f31e69670 (13 bytes)
1776599611.704562 sending message 112 to peer 0x5a2f31e69670 (13 bytes)
1776599611.704581 sending message 112 to peer 0x5a2f31e69670 (13 bytes)
1776599611.704595 sending message 112 to peer 0x5a2f31e69670 (13 bytes)
1776599611.704625 sending message 112 to peer 0x5a2f31e69670 (13 bytes)
1776599611.704638 sending message 112 to peer 0x5a2f31e69670 (13 bytes)
1776599611.704653 sending message 112 to peer 0x5a2f31e69670 (10 bytes)
1776599611.704666 sending message 112 to peer 0x5a2f31e69670 (13 bytes)
1776599611.704680 sending message 112 to peer 0x5a2f31e69670 (12 bytes)
1776599611.704697 sending message 112 to peer 0x5a2f31e69670 (12 bytes)
1776599611.704715 sending message 112 to peer 0x5a2f31e69670 (12 bytes)
1776599611.704730 sending message 112 to peer 0x5a2f31e69670 (10 bytes)
1776599611.704744 sending message 112 to peer 0x5a2f31e69670 (10 bytes)
1776599611.704758 sending message 112 to peer 0x5a2f31e69670 (10 bytes)
1776599611.704778 sending message 112 to peer 0x5a2f31e69670 (12 bytes)
1776599611.704791 sending message 112 to peer 0x5a2f31e69670 (13 bytes)
1776599611.704805 sending message 112 to peer 0x5a2f31e69670 (13 bytes)
1776599611.704822 sending message 112 to peer 0x5a2f31e69670 (13 bytes)
1776599611.704835 sending message 112 to peer 0x5a2f31e69670 (13 bytes)
1776599611.704848 sending message 112 to peer 0x5a2f31e69670 (13 bytes)
1776599611.704861 sending message 112 to peer 0x5a2f31e69670 (11 bytes)
1776599611.704875 sending message 112 to peer 0x5a2f31e69670 (11 bytes)
1776599611.704891 sending message 112 to peer 0x5a2f31e69670 (12 bytes)
1776599611.704904 sending message 112 to peer 0x5a2f31e69670 (12 bytes)
1776599611.704918 sending message 112 to peer 0x5a2f31e69670 (12 bytes)
1776599611.704935 sending message 112 to peer 0x5a2f31e69670 (12 bytes)
1776599611.704949 sending message 112 to peer 0x5a2f31e69670 (12 bytes)
1776599611.704963 sending message 112 to peer 0x5a2f31e69670 (11 bytes)
1776599611.704977 sending message 112 to peer 0x5a2f31e69670 (12 bytes)
1776599611.704990 sending message 112 to peer 0x5a2f31e69670 (12 bytes)
1776599611.705004 sending message 112 to peer 0x5a2f31e69670 (13 bytes)
1776599611.705017 sending message 112 to peer 0x5a2f31e69670 (13 bytes)
1776599611.705031 sending message 112 to peer 0x5a2f31e69670 (13 bytes)
1776599611.705048 sending message 112 to peer 0x5a2f31e69670 (13 bytes)
1776599611.705062 sending message 112 to peer 0x5a2f31e69670 (13 bytes)
1776599611.705075 sending message 112 to peer 0x5a2f31e69670 (10 bytes)
1776599611.705089 sending message 112 to peer 0x5a2f31e69670 (9 bytes)
1776599611.705102 sending message 112 to peer 0x5a2f31e69670 (12 bytes)
1776599611.705116 sending message 112 to peer 0x5a2f31e69670 (13 bytes)
1776599611.705129 sending message 112 to peer 0x5a2f31e69670 (13 bytes)
1776599611.705142 sending message 112 to peer 0x5a2f31e69670 (13 bytes)
1776599611.705160 sending message 112 to peer 0x5a2f31e69670 (13 bytes)
1776599611.705173 sending message 112 to peer 0x5a2f31e69670 (13 bytes)
1776599611.705195 sending message 112 to peer 0x5a2f31e69670 (9 bytes)
1776599611.705208 sending message 112 to peer 0x5a2f31e69670 (12 bytes)
1776599611.705222 sending message 112 to peer 0x5a2f31e69670 (13 bytes)
1776599611.705235 sending message 112 to peer 0x5a2f31e69670 (13 bytes)
1776599611.705248 sending message 112 to peer 0x5a2f31e69670 (13 bytes)
1776599611.705263 sending message 112 to peer 0x5a2f31e69670 (13 bytes)
1776599611.705279 sending message 112 to peer 0x5a2f31e69670 (13 bytes)
1776599611.705292 sending message 112 to peer 0x5a2f31e69670 (11 bytes)
1776599611.705306 sending message 112 to peer 0x5a2f31e69670 (12 bytes)
1776599611.705319 sending message 112 to peer 0x5a2f31e69670 (13 bytes)
1776599611.705333 sending message 112 to peer 0x5a2f31e69670 (13 bytes)
1776599611.705346 sending message 112 to peer 0x5a2f31e69670 (13 bytes)
1776599611.705359 sending message 112 to peer 0x5a2f31e69670 (13 bytes)
1776599611.705373 sending message 112 to peer 0x5a2f31e69670 (13 bytes)
1776599611.705391 sending message 112 to peer 0x5a2f31e69670 (11 bytes)
1776599611.705406 sending message 112 to peer 0x5a2f31e69670 (12 bytes)
1776599611.705420 sending message 112 to peer 0x5a2f31e69670 (12 bytes)
1776599611.705434 sending message 112 to peer 0x5a2f31e69670 (12 bytes)
1776599611.705449 sending message 112 to peer 0x5a2f31e69670 (12 bytes)
1776599611.705464 sending message 112 to peer 0x5a2f31e69670 (12 bytes)
1776599611.705478 sending message 112 to peer 0x5a2f31e69670 (21 bytes)
1776599611.705496 sending message 112 to peer 0x5a2f31e69670 (12 bytes)
1776599611.705511 sending message 112 to peer 0x5a2f31e69670 (9 bytes)
1776599611.705526 sending message 112 to peer 0x5a2f31e69670 (6 bytes)
1776599611.705540 sending message 112 to peer 0x5a2f31e69670 (13 bytes)
1776599611.705554 sending message 112 to peer 0x5a2f31e69670 (8 bytes)
1776599611.705568 sending message 112 to peer 0x5a2f31e69670 (15 bytes)
1776599611.705581 sending message 112 to peer 0x5a2f31e69670 (13 bytes)
1776599611.705595 sending message 112 to peer 0x5a2f31e69670 (9 bytes)
1776599611.705626 sending message 112 to peer 0x5a2f31e69670 (70 bytes)
1776599611.705641 sending message 112 to peer 0x5a2f31e69670 (69 bytes)
1776599611.705655 sending message 112 to peer 0x5a2f31e69670 (10 bytes)
1776599611.705669 sending message 112 to peer 0x5a2f31e69670 (10 bytes)
1776599611.705683 sending message 112 to peer 0x5a2f31e69670 (8 bytes)
1776599611.705697 sending message 112 to peer 0x5a2f31e69670 (15 bytes)
1776599611.705711 sending message 112 to peer 0x5a2f31e69670 (13 bytes)
1776599611.705726 sending message 112 to peer 0x5a2f31e69670 (10 bytes)
1776599611.705744 sending message 112 to peer 0x5a2f31e69670 (10 bytes)
1776599611.705758 sending message 112 to peer 0x5a2f31e69670 (17 bytes)
1776599611.705772 sending message 112 to peer 0x5a2f31e69670 (10 bytes)
1776599611.705785 sending message 112 to peer 0x5a2f31e69670 (13 bytes)
1776599611.705800 sending message 112 to peer 0x5a2f31e69670 (9 bytes)
1776599611.705814 sending message 112 to peer 0x5a2f31e69670 (5 bytes)
1776599611.705828 sending message 112 to peer 0x5a2f31e69670 (15 bytes)
1776599611.705845 sending message 104 to peer 0x5a2f31e69670 (0 bytes)
1776599611.705864 sending message 110 to peer 0x5a2f31e69670 (0 bytes)
1776599611.705880 sending message 107 to peer 0x5a2f31e69670 (4 bytes)
1776599611.705894 sending message 105 to peer 0x5a2f31e69670 (16 bytes)
1776599611.705909 sending message 105 to peer 0x5a2f31e69670 (116 bytes)
1776599611.705925 sending message 105 to peer 0x5a2f31e69670 (19 bytes)
1776599611.705940 sending message 105 to peer 0x5a2f31e69670 (20 bytes)
1776599611.705955 sending message 105 to peer 0x5a2f31e69670 (45 bytes)
1776599611.705973 sending message 105 to peer 0x5a2f31e69670 (63 bytes)
1776599611.705989 sending message 105 to peer 0x5a2f31e69670 (23 bytes)
1776599611.706003 sending message 105 to peer 0x5a2f31e69670 (25 bytes)
1776599611.706019 sending message 105 to peer 0x5a2f31e69670 (44 bytes)
1776599611.706034 sending message 105 to peer 0x5a2f31e69670 (36 bytes)
1776599611.706057 sending message 105 to peer 0x5a2f31e69670 (45 bytes)
1776599611.706075 sending message 105 to peer 0x5a2f31e69670 (49 bytes)
1776599611.706090 sending message 105 to peer 0x5a2f31e69670 (32 bytes)
1776599611.706104 sending message 105 to peer 0x5a2f31e69670 (41 bytes)
1776599611.706118 sending message 105 to peer 0x5a2f31e69670 (51 bytes)
1776599611.706131 sending message 105 to peer 0x5a2f31e69670 (20 bytes)
1776599611.706147 sending message 105 to peer 0x5a2f31e69670 (23 bytes)
1776599611.706161 sending message 105 to peer 0x5a2f31e69670 (28 bytes)
1776599611.706176 sending message 105 to peer 0x5a2f31e69670 (37 bytes)
1776599611.706193 sending message 105 to peer 0x5a2f31e69670 (27 bytes)
1776599611.706207 sending message 105 to peer 0x5a2f31e69670 (16 bytes)
1776599611.706221 sending message 105 to peer 0x5a2f31e69670 (21 bytes)
1776599611.706236 sending message 105 to peer 0x5a2f31e69670 (52 bytes)
1776599611.706249 sending message 105 to peer 0x5a2f31e69670 (22 bytes)
1776599611.706264 sending message 105 to peer 0x5a2f31e69670 (41 bytes)
1776599611.706278 sending message 105 to peer 0x5a2f31e69670 (49 bytes)
1776599611.706295 sending message 105 to peer 0x5a2f31e69670 (13 bytes)
1776599611.706314 sending message 105 to peer 0x5a2f31e69670 (19 bytes)
1776599611.706328 sending message 105 to peer 0x5a2f31e69670 (17 bytes)
1776599611.706342 sending message 105 to peer 0x5a2f31e69670 (17 bytes)
1776599611.706357 sending message 105 to peer 0x5a2f31e69670 (1817 bytes)
1776599611.706431 sending message 105 to peer 0x5a2f31e69670 (33 bytes)
1776599611.706453 sending message 105 to peer 0x5a2f31e69670 (155 bytes)
1776599611.706468 sending message 105 to peer 0x5a2f31e69670 (17 bytes)
1776599611.706482 sending message 105 to peer 0x5a2f31e69670 (20 bytes)
1776599611.706497 sending message 105 to peer 0x5a2f31e69670 (75 bytes)
1776599611.706512 sending message 105 to peer 0x5a2f31e69670 (86 bytes)
1776599611.706530 sending message 105 to peer 0x5a2f31e69670 (91 bytes)
1776599611.706544 sending message 105 to peer 0x5a2f31e69670 (22 bytes)
1776599611.706558 sending message 105 to peer 0x5a2f31e69670 (30 bytes)
1776599611.706572 sending message 105 to peer 0x5a2f31e69670 (27 bytes)
1776599611.706585 sending message 105 to peer 0x5a2f31e69670 (31 bytes)
1776599611.706599 sending message 105 to peer 0x5a2f31e69670 (34 bytes)
1776599611.706627 sending message 105 to peer 0x5a2f31e69670 (23 bytes)
1776599611.706641 sending message 105 to peer 0x5a2f31e69670 (19 bytes)
1776599611.706655 sending message 105 to peer 0x5a2f31e69670 (32 bytes)
1776599611.706673 sending message 105 to peer 0x5a2f31e69670 (35 bytes)
1776599611.706686 sending message 105 to peer 0x5a2f31e69670 (13 bytes)
1776599611.706700 sending message 105 to peer 0x5a2f31e69670 (13 bytes)
1776599611.706714 sending message 105 to peer 0x5a2f31e69670 (64 bytes)
1776599611.706728 sending message 105 to peer 0x5a2f31e69670 (30 bytes)
1776599611.706742 sending message 105 to peer 0x5a2f31e69670 (11 bytes)
1776599611.706757 sending message 105 to peer 0x5a2f31e69670 (8 bytes)
1776599611.706776 sending message 105 to peer 0x5a2f31e69670 (14 bytes)
1776599611.706790 sending message 105 to peer 0x5a2f31e69670 (35 bytes)
1776599611.706804 sending message 105 to peer 0x5a2f31e69670 (18 bytes)
1776599611.706818 sending message 105 to peer 0x5a2f31e69670 (16 bytes)
1776599611.706832 sending message 105 to peer 0x5a2f31e69670 (31 bytes)
1776599611.706847 sending message 105 to peer 0x5a2f31e69670 (120 bytes)
1776599611.706862 sending message 105 to peer 0x5a2f31e69670 (47 bytes)
1776599611.706878 sending message 105 to peer 0x5a2f31e69670 (92 bytes)
1776599611.706896 sending message 105 to peer 0x5a2f31e69670 (102 bytes)
1776599611.706911 sending message 105 to peer 0x5a2f31e69670 (16 bytes)
1776599611.706925 sending message 105 to peer 0x5a2f31e69670 (557 bytes)
1776599611.706941 sending message 105 to peer 0x5a2f31e69670 (18 bytes)
1776599611.706956 sending message 105 to peer 0x5a2f31e69670 (54 bytes)
1776599611.706970 sending message 105 to peer 0x5a2f31e69670 (54 bytes)
1776599611.706992 sending message 105 to peer 0x5a2f31e69670 (29 bytes)
1776599611.707010 sending message 105 to peer 0x5a2f31e69670 (18 bytes)
1776599611.707025 sending message 105 to peer 0x5a2f31e69670 (49 bytes)
1776599611.707042 sending message 105 to peer 0x5a2f31e69670 (16 bytes)
1776599611.707056 sending message 106 to peer 0x5a2f31e69670 (0 bytes)
1776599611.707211 sending message 200 to peer 0x5a2f31e69670 (4 bytes)
1776599611.707245 client loop enter
1776599611.719915 peer 0x5a2f31e69670 message 303
1776599611.720004 open write file 2 -
1776599611.720057 sending message 305 to peer 0x5a2f31e69670 (8 bytes)
1776599611.720113 write check file 2
1776599611.720976 peer 0x5a2f31e69670 message 304
1776599611.721021 write 58 to file 2
1776599611.721058 peer 0x5a2f31e69670 message 203
1776599611.721083 file 2 58 bytes left
1776599611.721253 write check file 2
1776599611.721366 client loop exit
